### prepull rootfs image: docker.io/library/node:bookworm-slim
### SMOKE: one warm exec (validates workerd serves under gVisor)
smoke exit=0
# ===== exec-workerd bench =====
# Image: docker.io/library/node:bookworm-slim (rootfs /run/clrk/images/cef0ae4e4ae8c6b7153a0372640fad4adcf2597ffb8ab9f4fc77efdf6d588e28/rootfs, pull 3.832381494s)
# Platform: systrap | Network: plugin
# Stage: /opt/workerd | runner=workerd-runner workerd=workerd config=config.capnp
# Warm: warmup=0 measured=1 | Cold: measured=0 | Requests/proc: 1

# --- warm-binary sweep (one warm sandbox, 0+1 execs) ---
[warm   0 ] e2e=  94.1ms dispatch= 52.9ms spawn->listen=  39.1ms listen->1B=  2.0ms (HTTP/1.1 200 OK)

# --- cold-binary sweep (fresh sandbox each, 0 execs) ---

================= WARM-BINARY (reused sandbox, steady state) =================
n=1
segment                      min       p50       p90       p99       max
exec_dispatch            52.88ms   52.88ms   52.88ms   52.88ms   52.88ms
runner_entry->spawn       0.15ms    0.15ms    0.15ms    0.15ms    0.15ms
workerd spawn->listen    39.10ms   39.10ms   39.10ms   39.10ms   39.10ms
listen->first_byte        2.01ms    2.01ms    2.01ms    2.01ms    2.01ms
workerd spawn->1B        41.12ms   41.12ms   41.12ms   41.12ms   41.12ms
END-TO-END exec->1B      94.14ms   94.14ms   94.14ms   94.14ms   94.14ms

================= COLD-BINARY (fresh sandbox, workerd faults cold) =================
(no successful samples)

smoke OK -- workerd serves under gVisor
### FULL RUN: warm-binary=15 cold-binary=0 requests/proc=500
run exit=0
================ run.c7g-arm64.txt ================
# ===== exec-workerd bench =====
# Image: docker.io/library/node:bookworm-slim (rootfs /run/clrk/images/cef0ae4e4ae8c6b7153a0372640fad4adcf2597ffb8ab9f4fc77efdf6d588e28/rootfs, pull 2.86383193s)
# Platform: systrap | Network: plugin
# Stage: /opt/workerd | runner=workerd-runner workerd=workerd config=config.capnp
# Warm: warmup=3 measured=15 | Cold: measured=0 | Requests/proc: 500

# --- warm-binary sweep (one warm sandbox, 3+15 execs) ---
[warm   0*] e2e=  79.8ms dispatch= 40.3ms spawn->listen=  37.3ms listen->1B=  1.9ms (HTTP/1.1 200 OK)
[warm   1*] e2e=  60.0ms dispatch= 27.5ms spawn->listen=  30.4ms listen->1B=  2.0ms (HTTP/1.1 200 OK)
[warm   2*] e2e=  57.5ms dispatch= 29.6ms spawn->listen=  25.8ms listen->1B=  1.8ms (HTTP/1.1 200 OK)
[warm   3 ] e2e=  56.5ms dispatch= 29.1ms spawn->listen=  25.4ms listen->1B=  1.8ms (HTTP/1.1 200 OK)
[warm   4 ] e2e=  67.9ms dispatch= 33.0ms spawn->listen=  31.6ms listen->1B=  3.2ms (HTTP/1.1 200 OK)

# --- cold-binary sweep (fresh sandbox each, 0 execs) ---

================= WARM-BINARY (reused sandbox, steady state) =================
n=15
segment                      min       p50       p90       p99       max
exec_dispatch            23.56ms   26.36ms   33.01ms   36.32ms   36.32ms
runner_entry->spawn       0.16ms    0.22ms    0.42ms    0.55ms    0.55ms
workerd spawn->listen    22.29ms   26.62ms   29.83ms   31.56ms   31.56ms
listen->first_byte        1.33ms    1.86ms    3.94ms    4.48ms    4.48ms
workerd spawn->1B        24.11ms   28.73ms   31.93ms   34.74ms   34.74ms
END-TO-END exec->1B      48.98ms   56.50ms   60.72ms   67.91ms   67.91ms

================= COLD-BINARY (fresh sandbox, workerd faults cold) =================
(no successful samples)

================= REQUEST LATENCY (fresh unix conn/req, dial->first byte) =================
15 workerd processes; req[0]=cold isolate first request, req[1:]=warm process
bucket                                   min       p50       p90       p99       max
first request (cold isolate)         1.314ms   1.836ms   3.918ms   4.090ms   4.090ms  n=15
warm requests (same process)         0.315ms   0.657ms   1.159ms   2.160ms   4.840ms  n=7485

---------------- stderr tail ----------------
### done
