### prepull rootfs image: docker.io/library/node:bookworm-slim
### SMOKE: one warm exec (validates workerd serves under gVisor)
smoke exit=0
# ===== exec-workerd bench =====
# Image: docker.io/library/node:bookworm-slim (rootfs /run/clrk/images/3101b78c867e29d6975bd96eac672ef9f1d75efe29973b430231c22ef9d1b47f/rootfs, pull 3.65000164s)
# Platform: systrap | Network: plugin
# Stage: /opt/workerd | runner=workerd-runner workerd=workerd config=config.capnp
# Warm: warmup=0 measured=1 | Cold: measured=0 | Requests/proc: 1

# --- warm-binary sweep (one warm sandbox, 0+1 execs) ---
[warm   0 ] e2e=  78.5ms dispatch= 39.7ms spawn->listen=  35.7ms listen->1B=  2.8ms (HTTP/1.1 200 OK)

# --- cold-binary sweep (fresh sandbox each, 0 execs) ---

================= WARM-BINARY (reused sandbox, steady state) =================
n=1
segment                      min       p50       p90       p99       max
exec_dispatch            39.67ms   39.67ms   39.67ms   39.67ms   39.67ms
runner_entry->spawn       0.24ms    0.24ms    0.24ms    0.24ms    0.24ms
workerd spawn->listen    35.74ms   35.74ms   35.74ms   35.74ms   35.74ms
listen->first_byte        2.84ms    2.84ms    2.84ms    2.84ms    2.84ms
workerd spawn->1B        38.58ms   38.58ms   38.58ms   38.58ms   38.58ms
END-TO-END exec->1B      78.49ms   78.49ms   78.49ms   78.49ms   78.49ms

================= COLD-BINARY (fresh sandbox, workerd faults cold) =================
(no successful samples)

smoke OK -- workerd serves under gVisor
### FULL RUN: warm-binary=15 cold-binary=0 requests/proc=500
run exit=0
================ run.c7a-amd64.txt ================
# ===== exec-workerd bench =====
# Image: docker.io/library/node:bookworm-slim (rootfs /run/clrk/images/3101b78c867e29d6975bd96eac672ef9f1d75efe29973b430231c22ef9d1b47f/rootfs, pull 2.802058503s)
# Platform: systrap | Network: plugin
# Stage: /opt/workerd | runner=workerd-runner workerd=workerd config=config.capnp
# Warm: warmup=3 measured=15 | Cold: measured=0 | Requests/proc: 500

# --- warm-binary sweep (one warm sandbox, 3+15 execs) ---
[warm   0*] e2e=  65.8ms dispatch= 30.4ms spawn->listen=  33.5ms listen->1B=  1.6ms (HTTP/1.1 200 OK)
[warm   1*] e2e=  63.5ms dispatch= 26.4ms spawn->listen=  34.3ms listen->1B=  2.4ms (HTTP/1.1 200 OK)
[warm   2*] e2e=  57.4ms dispatch= 27.4ms spawn->listen=  28.3ms listen->1B=  1.5ms (HTTP/1.1 200 OK)
[warm   3 ] e2e=  59.8ms dispatch= 25.7ms spawn->listen=  32.7ms listen->1B=  1.1ms (HTTP/1.1 200 OK)
[warm   4 ] e2e=  61.7ms dispatch= 24.4ms spawn->listen=  35.1ms listen->1B=  1.7ms (HTTP/1.1 200 OK)

# --- cold-binary sweep (fresh sandbox each, 0 execs) ---

================= WARM-BINARY (reused sandbox, steady state) =================
n=15
segment                      min       p50       p90       p99       max
exec_dispatch            23.41ms   25.15ms   30.03ms   34.25ms   34.25ms
runner_entry->spawn       0.15ms    0.28ms    0.42ms    0.46ms    0.46ms
workerd spawn->listen    21.84ms   26.08ms   32.68ms   35.12ms   35.12ms
listen->first_byte        0.58ms    1.24ms    1.53ms    1.72ms    1.72ms
workerd spawn->1B        22.84ms   27.20ms   33.81ms   36.84ms   36.84ms
END-TO-END exec->1B      48.22ms   53.03ms   61.72ms   61.88ms   61.88ms

================= COLD-BINARY (fresh sandbox, workerd faults cold) =================
(no successful samples)

================= REQUEST LATENCY (fresh unix conn/req, dial->first byte) =================
15 workerd processes; req[0]=cold isolate first request, req[1:]=warm process
bucket                                   min       p50       p90       p99       max
first request (cold isolate)         0.567ms   1.155ms   1.456ms   1.555ms   1.555ms  n=15
warm requests (same process)         0.162ms   0.278ms   0.421ms   0.845ms   3.453ms  n=7485

---------------- stderr tail ----------------
### done
